{
  "Parameters": {
    "AppUniqueId": {
      "AllowedPattern": "^(?!-)[a-z0-9-]+(?<!-)$",
      "ConstraintDescription": "AppUniqueId must contain min 3 and max 10 characters, and contain only lowercase alphanumeric characters and dashes.",
      "Description": "Application unique identifier used to uniquely name resources within the stack.",
      "MaxLength": 10,
      "MinLength": 3,
      "Type": "String"
    },
    "BootstrapVersion": {
      "Default": "/cdk-bootstrap/hnb659fds/version",
      "Description": "Version of the CDK Bootstrap resources in this environment, automatically retrieved from SSM Parameter Store. [cdk:skip]",
      "Type": "AWS::SSM::Parameter::Value<String>"
    }
  },
  "Rules": {
    "CheckBootstrapVersion": {
      "Assertions": [
        {
          "Assert": {
            "Fn::Not": [
              {
                "Fn::Contains": [
                  [
                    "1",
                    "2",
                    "3",
                    "4",
                    "5"
                  ],
                  {
                    "Ref": "BootstrapVersion"
                  }
                ]
              }
            ]
          },
          "AssertDescription": "CDK bootstrap stack version 6 required. Please run 'cdk bootstrap' with a recent version of the CDK CLI."
        }
      ]
    }
  }
}
